// Jest Snapshot v1, https://goo.gl/fbAQLP

exports[`Test for countryDetails should render 1`] = `
<div
  className="text-center mt-5 pt-5"
>
  <p>
    Loading data, please wait...
  </p>
</div>
`;
