// Jest Snapshot v1, https://goo.gl/fbAQLP

exports[`Country  page renders correctly 1`] = `
<div
  className="text-center mt-5 pt-5"
>
  <p>
    Loading data, please wait...
  </p>
</div>
`;
